// Jest Snapshot v1, https://goo.gl/fbAQLP

exports[`Button Render correctly 1`] = `
<button
  className="css-863byk"
>
  sample Button
</button>
`;
